[0.013s] Invoking command in '/home/carter/ros2_ws/build/terratrek_robot': CMAKE_PREFIX_PATH=${CMAKE_PREFIX_PATH}:/opt/ros/humble /usr/bin/cmake /home/carter/ros2_ws/src/terratrek_robot -DAMENT_CMAKE_SYMLINK_INSTALL=1 -DCMAKE_INSTALL_PREFIX=/home/carter/ros2_ws/install/terratrek_robot
[0.047s] -- Found ament_cmake: 1.3.10 (/opt/ros/humble/share/ament_cmake/cmake)
[0.213s] -- Override CMake install command with custom implementation using symlinks instead of copying resources
[0.233s] -- Found ament_lint_auto: 0.12.11 (/opt/ros/humble/share/ament_lint_auto/cmake)
[0.356s] -- Added test 'flake8' to check Python code syntax and style conventions
[0.358s] -- Added test 'lint_cmake' to check CMake code style
[0.359s] -- Added test 'pep257' to check Python code against some of the docstring style conventions in PEP 257
[0.365s] -- Added test 'xmllint' to check XML markup files
[0.369s] -- Configuring done
[0.379s] -- Generating done
[0.383s] -- Build files have been written to: /home/carter/ros2_ws/build/terratrek_robot
[0.391s] Invoked command in '/home/carter/ros2_ws/build/terratrek_robot' returned '0': CMAKE_PREFIX_PATH=${CMAKE_PREFIX_PATH}:/opt/ros/humble /usr/bin/cmake /home/carter/ros2_ws/src/terratrek_robot -DAMENT_CMAKE_SYMLINK_INSTALL=1 -DCMAKE_INSTALL_PREFIX=/home/carter/ros2_ws/install/terratrek_robot
[0.394s] Invoking command in '/home/carter/ros2_ws/build/terratrek_robot': CMAKE_PREFIX_PATH=${CMAKE_PREFIX_PATH}:/opt/ros/humble /usr/bin/cmake --build /home/carter/ros2_ws/build/terratrek_robot -- -j8 -l8
[0.447s] Invoked command in '/home/carter/ros2_ws/build/terratrek_robot' returned '0': CMAKE_PREFIX_PATH=${CMAKE_PREFIX_PATH}:/opt/ros/humble /usr/bin/cmake --build /home/carter/ros2_ws/build/terratrek_robot -- -j8 -l8
[0.490s] Invoking command in '/home/carter/ros2_ws/build/terratrek_robot': CMAKE_PREFIX_PATH=${CMAKE_PREFIX_PATH}:/opt/ros/humble /usr/bin/cmake --install /home/carter/ros2_ws/build/terratrek_robot
[0.501s] -- Install configuration: ""
[0.501s] -- Execute custom install script
[0.502s] -- Up-to-date symlink: /home/carter/ros2_ws/install/terratrek_robot/share/terratrek_robot/config/gazebo_params.yaml
[0.502s] -- Up-to-date symlink: /home/carter/ros2_ws/install/terratrek_robot/share/terratrek_robot/config/twist_mux.yaml
[0.502s] -- Up-to-date symlink: /home/carter/ros2_ws/install/terratrek_robot/share/terratrek_robot/description/gazebo_control.xacro
[0.503s] -- Up-to-date symlink: /home/carter/ros2_ws/install/terratrek_robot/share/terratrek_robot/description/inertial_macros.xacro
[0.503s] -- Up-to-date symlink: /home/carter/ros2_ws/install/terratrek_robot/share/terratrek_robot/description/robot.urdf.xacro
[0.503s] -- Up-to-date symlink: /home/carter/ros2_ws/install/terratrek_robot/share/terratrek_robot/description/robot_core.xacro
[0.504s] -- Up-to-date symlink: /home/carter/ros2_ws/install/terratrek_robot/share/terratrek_robot/launch/joystick.launch.py
[0.504s] -- Up-to-date symlink: /home/carter/ros2_ws/install/terratrek_robot/share/terratrek_robot/launch/launch_sim.launch.py
[0.504s] -- Up-to-date symlink: /home/carter/ros2_ws/install/terratrek_robot/share/terratrek_robot/launch/rsp.launch.py
[0.504s] -- Up-to-date symlink: /home/carter/ros2_ws/install/terratrek_robot/share/terratrek_robot/worlds/robot_world.sdf
[0.505s] -- Up-to-date symlink: /home/carter/ros2_ws/install/terratrek_robot/share/terratrek_robot/worlds/test.world
[0.505s] -- Up-to-date symlink: /home/carter/ros2_ws/install/terratrek_robot/share/ament_index/resource_index/package_run_dependencies/terratrek_robot
[0.505s] -- Up-to-date symlink: /home/carter/ros2_ws/install/terratrek_robot/share/ament_index/resource_index/parent_prefix_path/terratrek_robot
[0.506s] -- Up-to-date symlink: /home/carter/ros2_ws/install/terratrek_robot/share/terratrek_robot/environment/ament_prefix_path.sh
[0.506s] -- Up-to-date symlink: /home/carter/ros2_ws/install/terratrek_robot/share/terratrek_robot/environment/ament_prefix_path.dsv
[0.506s] -- Up-to-date symlink: /home/carter/ros2_ws/install/terratrek_robot/share/terratrek_robot/environment/path.sh
[0.506s] -- Up-to-date symlink: /home/carter/ros2_ws/install/terratrek_robot/share/terratrek_robot/environment/path.dsv
[0.507s] -- Up-to-date symlink: /home/carter/ros2_ws/install/terratrek_robot/share/terratrek_robot/local_setup.bash
[0.507s] -- Up-to-date symlink: /home/carter/ros2_ws/install/terratrek_robot/share/terratrek_robot/local_setup.sh
[0.507s] -- Up-to-date symlink: /home/carter/ros2_ws/install/terratrek_robot/share/terratrek_robot/local_setup.zsh
[0.507s] -- Up-to-date symlink: /home/carter/ros2_ws/install/terratrek_robot/share/terratrek_robot/local_setup.dsv
[0.507s] -- Symlinking: /home/carter/ros2_ws/install/terratrek_robot/share/terratrek_robot/package.dsv
[0.519s] -- Up-to-date symlink: /home/carter/ros2_ws/install/terratrek_robot/share/ament_index/resource_index/packages/terratrek_robot
[0.519s] -- Up-to-date symlink: /home/carter/ros2_ws/install/terratrek_robot/share/terratrek_robot/cmake/terratrek_robotConfig.cmake
[0.520s] -- Up-to-date symlink: /home/carter/ros2_ws/install/terratrek_robot/share/terratrek_robot/cmake/terratrek_robotConfig-version.cmake
[0.520s] -- Up-to-date symlink: /home/carter/ros2_ws/install/terratrek_robot/share/terratrek_robot/package.xml
[0.525s] Invoked command in '/home/carter/ros2_ws/build/terratrek_robot' returned '0': CMAKE_PREFIX_PATH=${CMAKE_PREFIX_PATH}:/opt/ros/humble /usr/bin/cmake --install /home/carter/ros2_ws/build/terratrek_robot
