[0.041s] Invoking command in '/home/carter/ros2_ws/build/terratrek_robot': CMAKE_PREFIX_PATH=${CMAKE_PREFIX_PATH}:/opt/ros/humble /usr/bin/cmake /home/carter/ros2_ws/src/terratrek_robot -DCMAKE_INSTALL_PREFIX=/home/carter/ros2_ws/install/terratrek_robot
[0.353s] -- Found ament_cmake: 1.3.10 (/opt/ros/humble/share/ament_cmake/cmake)
[0.628s] -- Override CMake install command with custom implementation using symlinks instead of copying resources
[0.735s] -- Found ament_lint_auto: 0.12.11 (/opt/ros/humble/share/ament_lint_auto/cmake)
[0.921s] -- Added test 'flake8' to check Python code syntax and style conventions
[0.923s] -- Added test 'lint_cmake' to check CMake code style
[0.925s] -- Added test 'pep257' to check Python code against some of the docstring style conventions in PEP 257
[0.932s] -- Added test 'xmllint' to check XML markup files
[0.943s] -- Configuring done
[0.974s] -- Generating done
[0.980s] -- Build files have been written to: /home/carter/ros2_ws/build/terratrek_robot
[0.994s] Invoked command in '/home/carter/ros2_ws/build/terratrek_robot' returned '0': CMAKE_PREFIX_PATH=${CMAKE_PREFIX_PATH}:/opt/ros/humble /usr/bin/cmake /home/carter/ros2_ws/src/terratrek_robot -DCMAKE_INSTALL_PREFIX=/home/carter/ros2_ws/install/terratrek_robot
[0.999s] Invoking command in '/home/carter/ros2_ws/build/terratrek_robot': CMAKE_PREFIX_PATH=${CMAKE_PREFIX_PATH}:/opt/ros/humble /usr/bin/cmake --build /home/carter/ros2_ws/build/terratrek_robot -- -j8 -l8
[1.093s] Invoked command in '/home/carter/ros2_ws/build/terratrek_robot' returned '0': CMAKE_PREFIX_PATH=${CMAKE_PREFIX_PATH}:/opt/ros/humble /usr/bin/cmake --build /home/carter/ros2_ws/build/terratrek_robot -- -j8 -l8
[1.150s] Invoking command in '/home/carter/ros2_ws/build/terratrek_robot': CMAKE_PREFIX_PATH=${CMAKE_PREFIX_PATH}:/opt/ros/humble /usr/bin/cmake --install /home/carter/ros2_ws/build/terratrek_robot
[1.166s] -- Install configuration: ""
[1.167s] -- Execute custom install script
[1.172s] -- Up-to-date symlink: /home/carter/ros2_ws/install/terratrek_robot/share/terratrek_robot/config/gazebo_params.yaml
[1.173s] -- Up-to-date symlink: /home/carter/ros2_ws/install/terratrek_robot/share/terratrek_robot/config/twist_mux.yaml
[1.175s] -- Up-to-date symlink: /home/carter/ros2_ws/install/terratrek_robot/share/terratrek_robot/description/gazebo_control.xacro
[1.176s] -- Up-to-date symlink: /home/carter/ros2_ws/install/terratrek_robot/share/terratrek_robot/description/inertial_macros.xacro
[1.178s] -- Up-to-date symlink: /home/carter/ros2_ws/install/terratrek_robot/share/terratrek_robot/description/robot.urdf.xacro
[1.179s] -- Up-to-date symlink: /home/carter/ros2_ws/install/terratrek_robot/share/terratrek_robot/description/robot_core.xacro
[1.181s] -- Up-to-date symlink: /home/carter/ros2_ws/install/terratrek_robot/share/terratrek_robot/launch/joystick.launch.py
[1.182s] -- Up-to-date symlink: /home/carter/ros2_ws/install/terratrek_robot/share/terratrek_robot/launch/launch_sim.launch.py
[1.184s] -- Up-to-date symlink: /home/carter/ros2_ws/install/terratrek_robot/share/terratrek_robot/launch/rsp.launch.py
[1.186s] -- Up-to-date symlink: /home/carter/ros2_ws/install/terratrek_robot/share/terratrek_robot/worlds/robot_world.sdf
[1.187s] -- Up-to-date symlink: /home/carter/ros2_ws/install/terratrek_robot/share/terratrek_robot/worlds/test.world
[1.188s] -- Up-to-date symlink: /home/carter/ros2_ws/install/terratrek_robot/share/ament_index/resource_index/package_run_dependencies/terratrek_robot
[1.190s] -- Up-to-date symlink: /home/carter/ros2_ws/install/terratrek_robot/share/ament_index/resource_index/parent_prefix_path/terratrek_robot
[1.191s] -- Up-to-date symlink: /home/carter/ros2_ws/install/terratrek_robot/share/terratrek_robot/environment/ament_prefix_path.sh
[1.192s] -- Up-to-date symlink: /home/carter/ros2_ws/install/terratrek_robot/share/terratrek_robot/environment/ament_prefix_path.dsv
[1.193s] -- Up-to-date symlink: /home/carter/ros2_ws/install/terratrek_robot/share/terratrek_robot/environment/path.sh
[1.193s] -- Up-to-date symlink: /home/carter/ros2_ws/install/terratrek_robot/share/terratrek_robot/environment/path.dsv
[1.195s] -- Up-to-date symlink: /home/carter/ros2_ws/install/terratrek_robot/share/terratrek_robot/local_setup.bash
[1.196s] -- Up-to-date symlink: /home/carter/ros2_ws/install/terratrek_robot/share/terratrek_robot/local_setup.sh
[1.197s] -- Up-to-date symlink: /home/carter/ros2_ws/install/terratrek_robot/share/terratrek_robot/local_setup.zsh
[1.198s] -- Up-to-date symlink: /home/carter/ros2_ws/install/terratrek_robot/share/terratrek_robot/local_setup.dsv
[1.198s] -- Symlinking: /home/carter/ros2_ws/install/terratrek_robot/share/terratrek_robot/package.dsv
[1.229s] -- Up-to-date symlink: /home/carter/ros2_ws/install/terratrek_robot/share/ament_index/resource_index/packages/terratrek_robot
[1.231s] -- Up-to-date symlink: /home/carter/ros2_ws/install/terratrek_robot/share/terratrek_robot/cmake/terratrek_robotConfig.cmake
[1.232s] -- Up-to-date symlink: /home/carter/ros2_ws/install/terratrek_robot/share/terratrek_robot/cmake/terratrek_robotConfig-version.cmake
[1.232s] -- Up-to-date symlink: /home/carter/ros2_ws/install/terratrek_robot/share/terratrek_robot/package.xml
[1.238s] Invoked command in '/home/carter/ros2_ws/build/terratrek_robot' returned '0': CMAKE_PREFIX_PATH=${CMAKE_PREFIX_PATH}:/opt/ros/humble /usr/bin/cmake --install /home/carter/ros2_ws/build/terratrek_robot
