-- Install configuration: ""
-- Execute custom install script
-- Up-to-date symlink: /home/carter/ros2_ws/install/terratrek_robot/share/terratrek_robot/config/gazebo_params.yaml
-- Up-to-date symlink: /home/carter/ros2_ws/install/terratrek_robot/share/terratrek_robot/config/twist_mux.yaml
-- Up-to-date symlink: /home/carter/ros2_ws/install/terratrek_robot/share/terratrek_robot/description/gazebo_control.xacro
-- Up-to-date symlink: /home/carter/ros2_ws/install/terratrek_robot/share/terratrek_robot/description/inertial_macros.xacro
-- Up-to-date symlink: /home/carter/ros2_ws/install/terratrek_robot/share/terratrek_robot/description/robot.urdf.xacro
-- Up-to-date symlink: /home/carter/ros2_ws/install/terratrek_robot/share/terratrek_robot/description/robot_core.xacro
-- Up-to-date symlink: /home/carter/ros2_ws/install/terratrek_robot/share/terratrek_robot/launch/joystick.launch.py
-- Up-to-date symlink: /home/carter/ros2_ws/install/terratrek_robot/share/terratrek_robot/launch/launch_sim.launch.py
-- Up-to-date symlink: /home/carter/ros2_ws/install/terratrek_robot/share/terratrek_robot/launch/rsp.launch.py
-- Up-to-date symlink: /home/carter/ros2_ws/install/terratrek_robot/share/terratrek_robot/worlds/robot_world.sdf
-- Symlinking: /home/carter/ros2_ws/install/terratrek_robot/share/terratrek_robot/worlds/test.world
-- Up-to-date symlink: /home/carter/ros2_ws/install/terratrek_robot/share/ament_index/resource_index/package_run_dependencies/terratrek_robot
-- Up-to-date symlink: /home/carter/ros2_ws/install/terratrek_robot/share/ament_index/resource_index/parent_prefix_path/terratrek_robot
-- Up-to-date symlink: /home/carter/ros2_ws/install/terratrek_robot/share/terratrek_robot/environment/ament_prefix_path.sh
-- Up-to-date symlink: /home/carter/ros2_ws/install/terratrek_robot/share/terratrek_robot/environment/ament_prefix_path.dsv
-- Up-to-date symlink: /home/carter/ros2_ws/install/terratrek_robot/share/terratrek_robot/environment/path.sh
-- Up-to-date symlink: /home/carter/ros2_ws/install/terratrek_robot/share/terratrek_robot/environment/path.dsv
-- Up-to-date symlink: /home/carter/ros2_ws/install/terratrek_robot/share/terratrek_robot/local_setup.bash
-- Up-to-date symlink: /home/carter/ros2_ws/install/terratrek_robot/share/terratrek_robot/local_setup.sh
-- Up-to-date symlink: /home/carter/ros2_ws/install/terratrek_robot/share/terratrek_robot/local_setup.zsh
-- Up-to-date symlink: /home/carter/ros2_ws/install/terratrek_robot/share/terratrek_robot/local_setup.dsv
-- Symlinking: /home/carter/ros2_ws/install/terratrek_robot/share/terratrek_robot/package.dsv
-- Up-to-date symlink: /home/carter/ros2_ws/install/terratrek_robot/share/ament_index/resource_index/packages/terratrek_robot
-- Up-to-date symlink: /home/carter/ros2_ws/install/terratrek_robot/share/terratrek_robot/cmake/terratrek_robotConfig.cmake
-- Up-to-date symlink: /home/carter/ros2_ws/install/terratrek_robot/share/terratrek_robot/cmake/terratrek_robotConfig-version.cmake
-- Up-to-date symlink: /home/carter/ros2_ws/install/terratrek_robot/share/terratrek_robot/package.xml
