[0.105s] DEBUG:colcon:Command line arguments: ['/usr/bin/colcon', 'build', '--symlink-install']
[0.105s] DEBUG:colcon:Parsed command line arguments: Namespace(log_base=None, log_level=None, verb_name='build', build_base='build', install_base='install', merge_install=False, symlink_install=True, test_result_base=None, continue_on_error=False, executor='parallel', parallel_workers=8, event_handlers=None, ignore_user_meta=False, metas=['./colcon.meta'], base_paths=['.'], packages_ignore=None, packages_ignore_regex=None, paths=None, packages_up_to=None, packages_up_to_regex=None, packages_above=None, packages_above_and_dependencies=None, packages_above_depth=None, packages_select_by_dep=None, packages_skip_by_dep=None, packages_skip_up_to=None, packages_select_build_failed=False, packages_skip_build_finished=False, packages_select_test_failures=False, packages_skip_test_passed=False, packages_select=None, packages_skip=None, packages_select_regex=None, packages_skip_regex=None, packages_start=None, packages_end=None, allow_overriding=[], cmake_args=None, cmake_target=None, cmake_target_skip_unavailable=False, cmake_clean_cache=False, cmake_clean_first=False, cmake_force_configure=False, ament_cmake_args=None, catkin_cmake_args=None, catkin_skip_building_tests=False, verb_parser=<colcon_defaults.argument_parser.defaults.DefaultArgumentsDecorator object at 0x71bc2fa17610>, verb_extension=<colcon_core.verb.build.BuildVerb object at 0x71bc2fbc4f10>, main=<bound method BuildVerb.main of <colcon_core.verb.build.BuildVerb object at 0x71bc2fbc4f10>>)
[0.263s] Level 1:colcon.colcon_core.package_discovery:discover_packages(colcon_meta) check parameters
[0.263s] Level 1:colcon.colcon_core.package_discovery:discover_packages(recursive) check parameters
[0.263s] Level 1:colcon.colcon_core.package_discovery:discover_packages(ignore) check parameters
[0.263s] Level 1:colcon.colcon_core.package_discovery:discover_packages(path) check parameters
[0.263s] Level 1:colcon.colcon_core.package_discovery:discover_packages(colcon_meta) discover
[0.263s] Level 1:colcon.colcon_core.package_discovery:discover_packages(recursive) discover
[0.263s] INFO:colcon.colcon_core.package_discovery:Crawling recursively for packages in '/home/carter/ros2_ws'
[0.264s] Level 1:colcon.colcon_core.package_identification:_identify(.) by extensions ['ignore', 'ignore_ament_install']
[0.264s] Level 1:colcon.colcon_core.package_identification:_identify(.) by extension 'ignore'
[0.264s] Level 1:colcon.colcon_core.package_identification:_identify(.) by extension 'ignore_ament_install'
[0.264s] Level 1:colcon.colcon_core.package_identification:_identify(.) by extensions ['colcon_pkg']
[0.264s] Level 1:colcon.colcon_core.package_identification:_identify(.) by extension 'colcon_pkg'
[0.264s] Level 1:colcon.colcon_core.package_identification:_identify(.) by extensions ['colcon_meta']
[0.264s] Level 1:colcon.colcon_core.package_identification:_identify(.) by extension 'colcon_meta'
[0.264s] Level 1:colcon.colcon_core.package_identification:_identify(.) by extensions ['ros']
[0.264s] Level 1:colcon.colcon_core.package_identification:_identify(.) by extension 'ros'
[0.275s] Level 1:colcon.colcon_core.package_identification:_identify(.) by extensions ['cmake', 'python']
[0.275s] Level 1:colcon.colcon_core.package_identification:_identify(.) by extension 'cmake'
[0.275s] Level 1:colcon.colcon_core.package_identification:_identify(.) by extension 'python'
[0.275s] Level 1:colcon.colcon_core.package_identification:_identify(.) by extensions ['python_setup_py']
[0.275s] Level 1:colcon.colcon_core.package_identification:_identify(.) by extension 'python_setup_py'
[0.275s] Level 1:colcon.colcon_core.package_identification:_identify(build) by extensions ['ignore', 'ignore_ament_install']
[0.275s] Level 1:colcon.colcon_core.package_identification:_identify(build) by extension 'ignore'
[0.275s] Level 1:colcon.colcon_core.package_identification:_identify(build) ignored
[0.276s] Level 1:colcon.colcon_core.package_identification:_identify(install) by extensions ['ignore', 'ignore_ament_install']
[0.276s] Level 1:colcon.colcon_core.package_identification:_identify(install) by extension 'ignore'
[0.276s] Level 1:colcon.colcon_core.package_identification:_identify(install) ignored
[0.276s] Level 1:colcon.colcon_core.package_identification:_identify(log) by extensions ['ignore', 'ignore_ament_install']
[0.276s] Level 1:colcon.colcon_core.package_identification:_identify(log) by extension 'ignore'
[0.276s] Level 1:colcon.colcon_core.package_identification:_identify(log) ignored
[0.276s] Level 1:colcon.colcon_core.package_identification:_identify(src) by extensions ['ignore', 'ignore_ament_install']
[0.276s] Level 1:colcon.colcon_core.package_identification:_identify(src) by extension 'ignore'
[0.276s] Level 1:colcon.colcon_core.package_identification:_identify(src) by extension 'ignore_ament_install'
[0.276s] Level 1:colcon.colcon_core.package_identification:_identify(src) by extensions ['colcon_pkg']
[0.276s] Level 1:colcon.colcon_core.package_identification:_identify(src) by extension 'colcon_pkg'
[0.276s] Level 1:colcon.colcon_core.package_identification:_identify(src) by extensions ['colcon_meta']
[0.276s] Level 1:colcon.colcon_core.package_identification:_identify(src) by extension 'colcon_meta'
[0.276s] Level 1:colcon.colcon_core.package_identification:_identify(src) by extensions ['ros']
[0.276s] Level 1:colcon.colcon_core.package_identification:_identify(src) by extension 'ros'
[0.277s] Level 1:colcon.colcon_core.package_identification:_identify(src) by extensions ['cmake', 'python']
[0.277s] Level 1:colcon.colcon_core.package_identification:_identify(src) by extension 'cmake'
[0.277s] Level 1:colcon.colcon_core.package_identification:_identify(src) by extension 'python'
[0.277s] Level 1:colcon.colcon_core.package_identification:_identify(src) by extensions ['python_setup_py']
[0.277s] Level 1:colcon.colcon_core.package_identification:_identify(src) by extension 'python_setup_py'
[0.277s] Level 1:colcon.colcon_core.package_identification:_identify(src/terratrek_robot) by extensions ['ignore', 'ignore_ament_install']
[0.277s] Level 1:colcon.colcon_core.package_identification:_identify(src/terratrek_robot) by extension 'ignore'
[0.277s] Level 1:colcon.colcon_core.package_identification:_identify(src/terratrek_robot) by extension 'ignore_ament_install'
[0.277s] Level 1:colcon.colcon_core.package_identification:_identify(src/terratrek_robot) by extensions ['colcon_pkg']
[0.277s] Level 1:colcon.colcon_core.package_identification:_identify(src/terratrek_robot) by extension 'colcon_pkg'
[0.277s] Level 1:colcon.colcon_core.package_identification:_identify(src/terratrek_robot) by extensions ['colcon_meta']
[0.277s] Level 1:colcon.colcon_core.package_identification:_identify(src/terratrek_robot) by extension 'colcon_meta'
[0.277s] Level 1:colcon.colcon_core.package_identification:_identify(src/terratrek_robot) by extensions ['ros']
[0.277s] Level 1:colcon.colcon_core.package_identification:_identify(src/terratrek_robot) by extension 'ros'
[0.281s] DEBUG:colcon.colcon_core.package_identification:Package 'src/terratrek_robot' with type 'ros.ament_cmake' and name 'terratrek_robot'
[0.281s] Level 1:colcon.colcon_core.package_discovery:discover_packages(recursive) using defaults
[0.281s] Level 1:colcon.colcon_core.package_discovery:discover_packages(ignore) discover
[0.281s] Level 1:colcon.colcon_core.package_discovery:discover_packages(ignore) using defaults
[0.281s] Level 1:colcon.colcon_core.package_discovery:discover_packages(path) discover
[0.281s] Level 1:colcon.colcon_core.package_discovery:discover_packages(path) using defaults
[0.302s] Level 1:colcon.colcon_core.package_discovery:discover_packages(prefix_path) check parameters
[0.302s] Level 1:colcon.colcon_core.package_discovery:discover_packages(prefix_path) discover
[0.304s] DEBUG:colcon.colcon_installed_package_information.package_discovery:Found 1 installed packages in /home/carter/ros2_ws/install
[0.306s] DEBUG:colcon.colcon_installed_package_information.package_discovery:Found 278 installed packages in /opt/ros/humble
[0.308s] Level 1:colcon.colcon_core.package_discovery:discover_packages(prefix_path) using defaults
[0.366s] Level 5:colcon.colcon_core.verb:set package 'terratrek_robot' build argument 'cmake_args' from command line to 'None'
[0.366s] Level 5:colcon.colcon_core.verb:set package 'terratrek_robot' build argument 'cmake_target' from command line to 'None'
[0.366s] Level 5:colcon.colcon_core.verb:set package 'terratrek_robot' build argument 'cmake_target_skip_unavailable' from command line to 'False'
[0.366s] Level 5:colcon.colcon_core.verb:set package 'terratrek_robot' build argument 'cmake_clean_cache' from command line to 'False'
[0.366s] Level 5:colcon.colcon_core.verb:set package 'terratrek_robot' build argument 'cmake_clean_first' from command line to 'False'
[0.366s] Level 5:colcon.colcon_core.verb:set package 'terratrek_robot' build argument 'cmake_force_configure' from command line to 'False'
[0.366s] Level 5:colcon.colcon_core.verb:set package 'terratrek_robot' build argument 'ament_cmake_args' from command line to 'None'
[0.366s] Level 5:colcon.colcon_core.verb:set package 'terratrek_robot' build argument 'catkin_cmake_args' from command line to 'None'
[0.367s] Level 5:colcon.colcon_core.verb:set package 'terratrek_robot' build argument 'catkin_skip_building_tests' from command line to 'False'
[0.367s] DEBUG:colcon.colcon_core.verb:Building package 'terratrek_robot' with the following arguments: {'ament_cmake_args': None, 'build_base': '/home/carter/ros2_ws/build/terratrek_robot', 'catkin_cmake_args': None, 'catkin_skip_building_tests': False, 'cmake_args': None, 'cmake_clean_cache': False, 'cmake_clean_first': False, 'cmake_force_configure': False, 'cmake_target': None, 'cmake_target_skip_unavailable': False, 'install_base': '/home/carter/ros2_ws/install/terratrek_robot', 'merge_install': False, 'path': '/home/carter/ros2_ws/src/terratrek_robot', 'symlink_install': True, 'test_result_base': None}
[0.367s] INFO:colcon.colcon_core.executor:Executing jobs using 'parallel' executor
[0.368s] DEBUG:colcon.colcon_parallel_executor.executor.parallel:run_until_complete
[0.368s] INFO:colcon.colcon_ros.task.ament_cmake.build:Building ROS package in '/home/carter/ros2_ws/src/terratrek_robot' with build type 'ament_cmake'
[0.368s] INFO:colcon.colcon_cmake.task.cmake.build:Building CMake package in '/home/carter/ros2_ws/src/terratrek_robot'
[0.371s] INFO:colcon.colcon_core.plugin_system:Skipping extension 'colcon_core.shell.bat': Not used on non-Windows systems
[0.371s] INFO:colcon.colcon_core.shell:Skip shell extension 'powershell' for command environment: Not usable outside of PowerShell
[0.371s] DEBUG:colcon.colcon_core.shell:Skip shell extension 'dsv' for command environment
[0.385s] DEBUG:colcon.colcon_core.event_handler.log_command:Invoking command in '/home/carter/ros2_ws/build/terratrek_robot': CMAKE_PREFIX_PATH=${CMAKE_PREFIX_PATH}:/opt/ros/humble /usr/bin/cmake /home/carter/ros2_ws/src/terratrek_robot -DAMENT_CMAKE_SYMLINK_INSTALL=1 -DCMAKE_INSTALL_PREFIX=/home/carter/ros2_ws/install/terratrek_robot
[0.722s] DEBUG:colcon.colcon_core.event_handler.log_command:Invoked command in '/home/carter/ros2_ws/build/terratrek_robot' returned '0': CMAKE_PREFIX_PATH=${CMAKE_PREFIX_PATH}:/opt/ros/humble /usr/bin/cmake /home/carter/ros2_ws/src/terratrek_robot -DAMENT_CMAKE_SYMLINK_INSTALL=1 -DCMAKE_INSTALL_PREFIX=/home/carter/ros2_ws/install/terratrek_robot
[0.724s] DEBUG:colcon.colcon_core.event_handler.log_command:Invoking command in '/home/carter/ros2_ws/build/terratrek_robot': CMAKE_PREFIX_PATH=${CMAKE_PREFIX_PATH}:/opt/ros/humble /usr/bin/cmake --build /home/carter/ros2_ws/build/terratrek_robot -- -j8 -l8
[0.794s] DEBUG:colcon.colcon_core.event_handler.log_command:Invoked command in '/home/carter/ros2_ws/build/terratrek_robot' returned '0': CMAKE_PREFIX_PATH=${CMAKE_PREFIX_PATH}:/opt/ros/humble /usr/bin/cmake --build /home/carter/ros2_ws/build/terratrek_robot -- -j8 -l8
[0.843s] DEBUG:colcon.colcon_core.event_handler.log_command:Invoking command in '/home/carter/ros2_ws/build/terratrek_robot': CMAKE_PREFIX_PATH=${CMAKE_PREFIX_PATH}:/opt/ros/humble /usr/bin/cmake --install /home/carter/ros2_ws/build/terratrek_robot
[1.428s] Level 1:colcon.colcon_core.environment:create_environment_scripts_only(terratrek_robot)
[1.429s] DEBUG:colcon.colcon_core.event_handler.log_command:Invoked command in '/home/carter/ros2_ws/build/terratrek_robot' returned '0': CMAKE_PREFIX_PATH=${CMAKE_PREFIX_PATH}:/opt/ros/humble /usr/bin/cmake --install /home/carter/ros2_ws/build/terratrek_robot
[1.436s] Level 1:colcon.colcon_core.environment:checking '/home/carter/ros2_ws/install/terratrek_robot' for CMake module files
[1.438s] Level 1:colcon.colcon_core.environment:checking '/home/carter/ros2_ws/install/terratrek_robot' for CMake config files
[1.440s] Level 1:colcon.colcon_core.shell:create_environment_hook('terratrek_robot', 'cmake_prefix_path')
[1.440s] INFO:colcon.colcon_core.shell:Creating environment hook '/home/carter/ros2_ws/install/terratrek_robot/share/terratrek_robot/hook/cmake_prefix_path.ps1'
[1.442s] INFO:colcon.colcon_core.shell:Creating environment descriptor '/home/carter/ros2_ws/install/terratrek_robot/share/terratrek_robot/hook/cmake_prefix_path.dsv'
[1.443s] INFO:colcon.colcon_core.shell:Creating environment hook '/home/carter/ros2_ws/install/terratrek_robot/share/terratrek_robot/hook/cmake_prefix_path.sh'
[1.446s] Level 1:colcon.colcon_core.environment:checking '/home/carter/ros2_ws/install/terratrek_robot/bin'
[1.446s] Level 1:colcon.colcon_core.environment:checking '/home/carter/ros2_ws/install/terratrek_robot/lib/pkgconfig/terratrek_robot.pc'
[1.447s] Level 1:colcon.colcon_core.environment:checking '/home/carter/ros2_ws/install/terratrek_robot/lib/python3.10/site-packages'
[1.448s] Level 1:colcon.colcon_core.environment:checking '/home/carter/ros2_ws/install/terratrek_robot/bin'
[1.449s] INFO:colcon.colcon_core.shell:Creating package script '/home/carter/ros2_ws/install/terratrek_robot/share/terratrek_robot/package.ps1'
[1.451s] INFO:colcon.colcon_core.shell:Creating package descriptor '/home/carter/ros2_ws/install/terratrek_robot/share/terratrek_robot/package.dsv'
[1.453s] INFO:colcon.colcon_core.shell:Creating package script '/home/carter/ros2_ws/install/terratrek_robot/share/terratrek_robot/package.sh'
[1.455s] INFO:colcon.colcon_core.shell:Creating package script '/home/carter/ros2_ws/install/terratrek_robot/share/terratrek_robot/package.bash'
[1.458s] INFO:colcon.colcon_core.shell:Creating package script '/home/carter/ros2_ws/install/terratrek_robot/share/terratrek_robot/package.zsh'
[1.460s] Level 1:colcon.colcon_core.environment:create_file_with_runtime_dependencies(/home/carter/ros2_ws/install/terratrek_robot/share/colcon-core/packages/terratrek_robot)
[1.519s] Level 1:colcon.colcon_core.environment:create_environment_scripts_only(terratrek_robot)
[1.519s] Level 1:colcon.colcon_core.environment:checking '/home/carter/ros2_ws/install/terratrek_robot' for CMake module files
[1.521s] Level 1:colcon.colcon_core.environment:checking '/home/carter/ros2_ws/install/terratrek_robot' for CMake config files
[1.522s] Level 1:colcon.colcon_core.shell:create_environment_hook('terratrek_robot', 'cmake_prefix_path')
[1.522s] INFO:colcon.colcon_core.shell:Creating environment hook '/home/carter/ros2_ws/install/terratrek_robot/share/terratrek_robot/hook/cmake_prefix_path.ps1'
[1.523s] INFO:colcon.colcon_core.shell:Creating environment descriptor '/home/carter/ros2_ws/install/terratrek_robot/share/terratrek_robot/hook/cmake_prefix_path.dsv'
[1.524s] INFO:colcon.colcon_core.shell:Creating environment hook '/home/carter/ros2_ws/install/terratrek_robot/share/terratrek_robot/hook/cmake_prefix_path.sh'
[1.525s] Level 1:colcon.colcon_core.environment:checking '/home/carter/ros2_ws/install/terratrek_robot/bin'
[1.525s] Level 1:colcon.colcon_core.environment:checking '/home/carter/ros2_ws/install/terratrek_robot/lib/pkgconfig/terratrek_robot.pc'
[1.526s] Level 1:colcon.colcon_core.environment:checking '/home/carter/ros2_ws/install/terratrek_robot/lib/python3.10/site-packages'
[1.526s] Level 1:colcon.colcon_core.environment:checking '/home/carter/ros2_ws/install/terratrek_robot/bin'
[1.527s] INFO:colcon.colcon_core.shell:Creating package script '/home/carter/ros2_ws/install/terratrek_robot/share/terratrek_robot/package.ps1'
[1.529s] INFO:colcon.colcon_core.shell:Creating package descriptor '/home/carter/ros2_ws/install/terratrek_robot/share/terratrek_robot/package.dsv'
[1.530s] INFO:colcon.colcon_core.shell:Creating package script '/home/carter/ros2_ws/install/terratrek_robot/share/terratrek_robot/package.sh'
[1.532s] INFO:colcon.colcon_core.shell:Creating package script '/home/carter/ros2_ws/install/terratrek_robot/share/terratrek_robot/package.bash'
[1.533s] INFO:colcon.colcon_core.shell:Creating package script '/home/carter/ros2_ws/install/terratrek_robot/share/terratrek_robot/package.zsh'
[1.534s] Level 1:colcon.colcon_core.environment:create_file_with_runtime_dependencies(/home/carter/ros2_ws/install/terratrek_robot/share/colcon-core/packages/terratrek_robot)
[1.535s] DEBUG:colcon.colcon_parallel_executor.executor.parallel:closing loop
[1.535s] DEBUG:colcon.colcon_parallel_executor.executor.parallel:loop closed
[1.536s] DEBUG:colcon.colcon_parallel_executor.executor.parallel:run_until_complete finished with '0'
[1.536s] DEBUG:colcon.colcon_core.event_reactor:joining thread
[1.542s] INFO:colcon.colcon_core.plugin_system:Skipping extension 'colcon_notification.desktop_notification.terminal_notifier': Not used on non-Darwin systems
[1.542s] INFO:colcon.colcon_core.plugin_system:Skipping extension 'colcon_notification.desktop_notification.win32': Not used on non-Windows systems
[1.542s] INFO:colcon.colcon_notification.desktop_notification:Sending desktop notification using 'notify2'
[1.565s] DEBUG:colcon.colcon_core.event_reactor:joined thread
[1.566s] INFO:colcon.colcon_core.shell:Creating prefix script '/home/carter/ros2_ws/install/local_setup.ps1'
[1.568s] INFO:colcon.colcon_core.shell:Creating prefix util module '/home/carter/ros2_ws/install/_local_setup_util_ps1.py'
[1.572s] INFO:colcon.colcon_core.shell:Creating prefix chain script '/home/carter/ros2_ws/install/setup.ps1'
[1.575s] INFO:colcon.colcon_core.shell:Creating prefix script '/home/carter/ros2_ws/install/local_setup.sh'
[1.576s] INFO:colcon.colcon_core.shell:Creating prefix util module '/home/carter/ros2_ws/install/_local_setup_util_sh.py'
[1.578s] INFO:colcon.colcon_core.shell:Creating prefix chain script '/home/carter/ros2_ws/install/setup.sh'
[1.580s] INFO:colcon.colcon_core.shell:Creating prefix script '/home/carter/ros2_ws/install/local_setup.bash'
[1.582s] INFO:colcon.colcon_core.shell:Creating prefix chain script '/home/carter/ros2_ws/install/setup.bash'
[1.584s] INFO:colcon.colcon_core.shell:Creating prefix script '/home/carter/ros2_ws/install/local_setup.zsh'
[1.585s] INFO:colcon.colcon_core.shell:Creating prefix chain script '/home/carter/ros2_ws/install/setup.zsh'
